// Jest Snapshot v1, https://goo.gl/fbAQLP

exports[`renders RepoList correctly (snapshot) 1`] = `
<View
  accessible={true}
  focusable={true}
  onClick={[Function]}
  onResponderGrant={[Function]}
  onResponderMove={[Function]}
  onResponderRelease={[Function]}
  onResponderTerminate={[Function]}
  onResponderTerminationRequest={[Function]}
  onStartShouldSetResponder={[Function]}
  style={
    Array [
      Object {
        "backgroundColor": "#FFF",
        "flexBasis": 0,
        "flexGrow": 1,
        "flexShrink": 1,
        "marginTop": 20,
        "paddingBottom": 8,
        "paddingLeft": 8,
        "paddingRight": 8,
        "paddingTop": 8,
      },
    ]
  }
>
  <View
    style={
      Object {
        "height": 150,
      }
    }
  >
    <Image
      source={
        Object {
          "testUri": "../../../src/Assets/github-logo-full.png",
        }
      }
      style={
        Object {
          "alignSelf": "center",
          "height": 60,
          "resizeMode": "contain",
        }
      }
    />
    <View
      style={
        Object {
          "opacity": 1,
        }
      }
    >
      <View
        style={
          Object {
            "alignItems": "center",
            "borderColor": "#CCC",
            "borderRadius": 6,
            "borderWidth": 1,
            "flexDirection": "row",
            "justifyContent": "center",
            "marginBottom": 40,
            "padding": 10,
          }
        }
      >
        <Text
          allowFontScaling={false}
          style={
            Array [
              Object {
                "color": "#CCC",
                "fontSize": 24,
              },
              undefined,
              Object {
                "fontFamily": "FontAwesome",
                "fontStyle": "normal",
                "fontWeight": "normal",
              },
              Object {},
            ]
          }
        >
          
        </Text>
        <TextInput
          allowFontScaling={true}
          autoCapitalize="none"
          autoCompleteType="off"
          autoCorrect={false}
          defaultValue=""
          onChange={[Function]}
          placeholder="Repository Search"
          placeholderTextColor="#333"
          rejectResponderTermination={true}
          style={
            Object {
              "flex": 1,
              "textAlign": "center",
            }
          }
          underlineColorAndroid="transparent"
        />
        <View
          accessible={true}
          focusable={true}
          isTVSelectable={true}
          onClick={[Function]}
          onResponderGrant={[Function]}
          onResponderMove={[Function]}
          onResponderRelease={[Function]}
          onResponderTerminate={[Function]}
          onResponderTerminationRequest={[Function]}
          onStartShouldSetResponder={[Function]}
          style={
            Object {
              "opacity": 1,
            }
          }
        >
          <Text
            allowFontScaling={false}
            style={
              Array [
                Object {
                  "color": "#CCC",
                  "fontSize": 24,
                },
                Object {
                  "opacity": 0,
                },
                Object {
                  "fontFamily": "FontAwesome",
                  "fontStyle": "normal",
                  "fontWeight": "normal",
                },
                Object {},
              ]
            }
          >
            
          </Text>
        </View>
      </View>
    </View>
  </View>
  <RCTScrollView
    onScroll={[Function]}
    onScrollEndDrag={[Function]}
    scrollEventThrottle={16}
  >
    <View />
  </RCTScrollView>
</View>
`;
